Running Gradle task 'assembleDebug'...                          
Checking the license for package CMake 3.22.1 in C:\Users\Mert\AppData\Local\Android\Sdk\licenses
License for package CMake 3.22.1 accepted.
Preparing "Install CMake 3.22.1 v.3.22.1".
"Install CMake 3.22.1 v.3.22.1" ready.
Installing CMake 3.22.1 in C:\Users\Mert\AppData\Local\Android\Sdk\cmake\3.22.1
"Install CMake 3.22.1 v.3.22.1" complete.
"Install CMake 3.22.1 v.3.22.1" finished.
Running Gradle task 'assembleDebug'...                             55,2s
ÔêÜ Built build\app\outputs\flutter-apk\app-debug.apk
