00:00 +0: loading C:/Users/Mert/Desktop/personalfinans/personalFinans/test/widget_test.dart
00:00 +0: (setUpAll)
00:00 +0: App smoke test
00:00 +1: (tearDownAll)
00:00 +1: All tests passed!
